Merkezi git sunucusunda oluşturulan repo'yu lokale almak:

- Localimdeki git versiyonu aşağıdaki şekilde:
	d:\projects\git>git --version
	git version 2.19.1.windows.1

- Kişisel bilgisayarımda c:\Users\hsenturk\.gitconfig dosyasının içeriği aşağıdaki şekilde:

[user]
	name = hsenturk	
	email = husnu.yahoo@com.tr
[http]
	sslVerify = false
[core]
	editor = 'C:\\Users\\hsenturk\\AppData\\Local\\Programs\\Microsoft VS Code\\Code.exe' --wait

- Gitea web arayüzünden kişisel sayfam altında içi boş private bir test reposu oluşturdum. 

- git clone komutu kullanarak repo'yu lokale aldım. Repo boş olduğu için aşağıdaki uyarıyı aldım.

d:\projects\git>git clone https://git.hsenturk.com.tr/hsenturk/test.git
Cloning into 'test'...
fatal: NullReferenceException encountered.
   Object reference not set to an instance of an object.
Username for 'https://git.hsenturk.com.tr': hsenturk
Password for 'https://hsenturk@git.hsenturk.com.tr':
fatal: NullReferenceException encountered.
   Object reference not set to an instance of an object.
warning: You appear to have cloned an empty repository.

- Lokalde test klasörü içersinde status komutu aşağıdaki sonucu veriyor:

		d:\projects\git>cd test

		d:\projects\git\test>git status
		On branch master

		No commits yet

		nothing to commit (create/copy files and use "git add" to track)

- Lokalde test klasörü içersinde 2 adet dosya oluşturdum.
	testfile1.txt
	testfile2.txt
	
- Bunları tek bir dosya ismi belirterek staged duruma almak için aşağıdaki komut kullanılabilir.
	git add <file or directory name>
veya gid add . komutuyla bütün yeni dosyalar staged duruma çekilebilir. 
git add . komutu çalıştırıldıktan sonra git status komutuyla kontrol edildiğinde aşağıdaki çıktı ile karşılaşılır:


d:\projects\git\test>git status
On branch master

No commits yet

Changes to be committed:
  (use "git rm --cached <file>..." to unstage)

        new file:   testfile1.txt
        new file:   testfile2.txt

- Eğer staged durumdaki dosyaları geri çekmek istersek git reset komutunu kullanabiliriz.

d:\projects\git\test>git reset

d:\projects\git\test>git status
On branch master

No commits yet

Untracked files:
  (use "git add <file>..." to include in what will be committed)

        testfile1.txt
        testfile2.txt

nothing added to commit but untracked files present (use "git add" to track)

- Kaldığımız yerden devam edersek dosyaları eklemek için sırasıyla "git add ." ve git commit -m "2 dosya eklendi" komutları çalıştırılabilir.

d:\projects\git\test>git commit -m "2 dosya eklendi"
[master (root-commit) 72137d7] 2 dosya eklendi
 2 files changed, 0 insertions(+), 0 deletions(-)
 create mode 100644 testfile1.txt
 create mode 100644 testfile2.txt
 
 - Dosyaların içersine master ifadesini yazdım ve bu değişiklikler için de git add . ve git commit komutlarını kullandım.
 
 d:\projects\git\test>git add .

d:\projects\git\test>git commit -m "dosyalara master yazdım."
[master cdbd3a4] dosyalara master yazdım.
 2 files changed, 2 insertions(+)
